<html>
<body>
<pre>
<h1>µVision Build Log</h1>
<h2>Tool Versions:</h2>
IDE-Version: µVision V5.29.0.0
Copyright (C) 2019 ARM Ltd and ARM Germany GmbH. All rights reserved.
License Information: Abdelrhman Walaa, NA, LIC=----
 
Tool Versions:
Toolchain:       MDK-Lite  Version: 5.29.0.0
Toolchain Path:  D:\Keil_v5\ARM\ARMCC\Bin
C Compiler:      Armcc.exe V5.06 update 6 (build 750)
Assembler:       Armasm.exe V5.06 update 6 (build 750)
Linker/Locator:  ArmLink.exe V5.06 update 6 (build 750)
Library Manager: ArmAr.exe V5.06 update 6 (build 750)
Hex Converter:   FromElf.exe V5.06 update 6 (build 750)
CPU DLL:         SARMCM3.DLL V5.29.0.0
Dialog DLL:      DCM.DLL V1.17.3.0
Target DLL:      lmidk-agdi.dll V???
Dialog DLL:      TCM.DLL V1.36.5.0
 
<h2>Project:</h2>
E:\Courses\Sprints\Automotive Software BootCamp\Part 10 - ARM\S_ARM_CAP_PROJECT Moving Car V2.0\Project - Moving Car V2.0\Moving Car V2.0.uvprojx
Project File Date:  06/27/2023

<h2>Output:</h2>
*** Using Compiler 'V5.06 update 6 (build 750)', folder: 'D:\Keil_v5\ARM\ARMCC\Bin'
Rebuild target 'TM4C123GH6PM'
compiling delay.c...
compiling led.c...
compiling gpt.c...
compiling button.c...
compiling pwm.c...
HAL\pwm\pwm.c(21): warning:  #177-D: variable "gs_u32_pwm_time"  was declared but never referenced
  static uint32 gs_u32_pwm_time	=	0;
HAL\pwm\pwm.c: 1 warning, 0 errors
compiling dcm.c...
HAL\dcm\dcm.c(39): warning:  #188-D: enumerated type mixed with another type
  			st_l_configCWDirection.enu_gpio_pin_id 					  = pst_a_DCMConfig[u8_l_index].u8_g_directionCWPin;
HAL\dcm\dcm.c(42): warning:  #188-D: enumerated type mixed with another type
  			st_l_configCWDirection.enu_gpio_port_id 					= pst_a_DCMConfig[u8_l_index].u8_g_directionCWPort;
HAL\dcm\dcm.c(48): warning:  #188-D: enumerated type mixed with another type
  			st_l_configCCWDirection.enu_gpio_pin_id 					= pst_a_DCMConfig[u8_l_index].u8_g_directionCCWPin;
HAL\dcm\dcm.c(51): warning:  #188-D: enumerated type mixed with another type
  			st_l_configCCWDirection.enu_gpio_port_id 					= pst_a_DCMConfig[u8_l_index].u8_g_directionCCWPort;
HAL\dcm\dcm.c(86): warning:  #188-D: enumerated type mixed with another type
  			GPIO_digitalWrite( pst_a_DCMConfig->u8_g_directionCWPort, pst_a_DCMConfig->u8_g_directionCWPin, ENU_PIN_LOW );
HAL\dcm\dcm.c(86): warning:  #188-D: enumerated type mixed with another type
  			GPIO_digitalWrite( pst_a_DCMConfig->u8_g_directionCWPort, pst_a_DCMConfig->u8_g_directionCWPin, ENU_PIN_LOW );
HAL\dcm\dcm.c(87): warning:  #188-D: enumerated type mixed with another type
  			GPIO_digitalWrite( pst_a_DCMConfig->u8_g_directionCCWPort, pst_a_DCMConfig->u8_g_directionCCWPin, ENU_PIN_LOW );
HAL\dcm\dcm.c(87): warning:  #188-D: enumerated type mixed with another type
  			GPIO_digitalWrite( pst_a_DCMConfig->u8_g_directionCCWPort, pst_a_DCMConfig->u8_g_directionCCWPin, ENU_PIN_LOW );
HAL\dcm\dcm.c(92): warning:  #188-D: enumerated type mixed with another type
  			GPIO_digitalWrite( pst_a_DCMConfig->u8_g_directionCWPort, pst_a_DCMConfig->u8_g_directionCWPin, ENU_PIN_HIGH );
HAL\dcm\dcm.c(92): warning:  #188-D: enumerated type mixed with another type
  			GPIO_digitalWrite( pst_a_DCMConfig->u8_g_directionCWPort, pst_a_DCMConfig->u8_g_directionCWPin, ENU_PIN_HIGH );
HAL\dcm\dcm.c(93): warning:  #188-D: enumerated type mixed with another type
  			GPIO_digitalWrite( pst_a_DCMConfig->u8_g_directionCCWPort, pst_a_DCMConfig->u8_g_directionCCWPin, ENU_PIN_LOW );				
HAL\dcm\dcm.c(93): warning:  #188-D: enumerated type mixed with another type
  			GPIO_digitalWrite( pst_a_DCMConfig->u8_g_directionCCWPort, pst_a_DCMConfig->u8_g_directionCCWPin, ENU_PIN_LOW );				
HAL\dcm\dcm.c(98): warning:  #188-D: enumerated type mixed with another type
  			GPIO_digitalWrite( pst_a_DCMConfig->u8_g_directionCWPort, pst_a_DCMConfig->u8_g_directionCWPin, ENU_PIN_LOW );
HAL\dcm\dcm.c(98): warning:  #188-D: enumerated type mixed with another type
  			GPIO_digitalWrite( pst_a_DCMConfig->u8_g_directionCWPort, pst_a_DCMConfig->u8_g_directionCWPin, ENU_PIN_LOW );
HAL\dcm\dcm.c(99): warning:  #188-D: enumerated type mixed with another type
  			GPIO_digitalWrite( pst_a_DCMConfig->u8_g_directionCCWPort, pst_a_DCMConfig->u8_g_directionCCWPin, ENU_PIN_HIGH );		
HAL\dcm\dcm.c(99): warning:  #188-D: enumerated type mixed with another type
  			GPIO_digitalWrite( pst_a_DCMConfig->u8_g_directionCCWPort, pst_a_DCMConfig->u8_g_directionCCWPin, ENU_PIN_HIGH );		
HAL\dcm\dcm.c: 16 warnings, 0 errors
compiling gpio.c...
compiling exti.c...
assembling startup_TM4C123.s...
compiling main.c...
compiling system_TM4C123.c...
compiling app_program.c...
linking...
Program Size: Code=10516 RO-data=672 RW-data=228 ZI-data=684  
".\Objects\Moving Car V2.0" - 0 Error(s), 17 Warning(s).

<h2>Software Packages used:</h2>

Package Vendor: ARM
                http://www.keil.com/pack/ARM.CMSIS.5.9.0.pack
                ARM.CMSIS.5.9.0
                CMSIS (Common Microcontroller Software Interface Standard)
   * Component: CORE Version: 5.6.0

Package Vendor: Keil
                http://www.keil.com/pack/Keil.TM4C_DFP.1.1.0.pack
                Keil.TM4C_DFP.1.1.0
                Texas Instruments Tiva C Series Device Support and Examples
   * Component: Startup Version: 1.0.1

<h2>Collection of Component include folders:</h2>
  .\RTE\_TM4C123GH6PM
  C:\Users\abdel\AppData\Local\Arm\Packs\ARM\CMSIS\5.9.0\CMSIS\Core\Include
  C:\Users\abdel\AppData\Local\Arm\Packs\Keil\TM4C_DFP\1.1.0\Device\Include\TM4C123

<h2>Collection of Component Files used:</h2>

   * Component: ARM::CMSIS:CORE:5.6.0

   * Component: Keil::Device:Startup:1.0.1
      Include file:  Device\Include\TM4C123\TM4C123.h
      Source file:   Device\Source\ARM\startup_TM4C123.s
      Source file:   Device\Source\system_TM4C123.c
Build Time Elapsed:  00:00:01
</pre>
</body>
</html>
